Component: ARM Compiler 6.16 Tool: armlink [5dfeaa00]

==============================================================================

Section Cross References

    program.o(.text) refers (Special) to rk_config_moteur.o(.text) for MOTEUR_DROIT_INVERSE
    program.o(.text) refers to jh_config_led.o(.text) for LED_INIT
    program.o(.text) refers to jh_config_inputs.o(.text) for SWITCH_INIT
    startup_armcm3.o(RESET) refers to startup_armcm3.o(STACK) for __initial_sp
    startup_armcm3.o(RESET) refers to startup_armcm3.o(.text) for Reset_Handler
    startup_armcm3.o(.text) refers to system_armcm3.o(.text.SystemInit) for SystemInit
    startup_armcm3.o(.text) refers to program.o(.text) for __main
    system_armcm3.o(.text.SystemCoreClockUpdate) refers to system_armcm3.o(.data.SystemCoreClock) for SystemCoreClock
    system_armcm3.o(.ARM.exidx.text.SystemCoreClockUpdate) refers to system_armcm3.o(.text.SystemCoreClockUpdate) for [Anonymous Symbol]
    system_armcm3.o(.text.SystemInit) refers to startup_armcm3.o(RESET) for __Vectors
    system_armcm3.o(.text.SystemInit) refers to system_armcm3.o(.data.SystemCoreClock) for SystemCoreClock
    system_armcm3.o(.ARM.exidx.text.SystemInit) refers to system_armcm3.o(.text.SystemInit) for [Anonymous Symbol]


==============================================================================

Removing Unused input sections from the image.

    Removing startup_armcm3.o(HEAP), (3072 bytes).
    Removing system_armcm3.o(.text), (0 bytes).
    Removing system_armcm3.o(.text.SystemCoreClockUpdate), (20 bytes).
    Removing system_armcm3.o(.ARM.exidx.text.SystemCoreClockUpdate), (8 bytes).
    Removing system_armcm3.o(.ARM.exidx.text.SystemInit), (8 bytes).

5 unused section(s) (total 3108 bytes) removed from the image.

==============================================================================

Image Symbol Table

    Local Symbols

    Symbol Name                              Value     Ov Type        Size  Object(Section)

    JH_Config_INPUTS.s                       0x00000000   Number         0  jh_config_inputs.o ABSOLUTE
    JH_Config_LED.s                          0x00000000   Number         0  jh_config_led.o ABSOLUTE
    Program.s                                0x00000000   Number         0  program.o ABSOLUTE
    RK_Config_Moteur.s                       0x00000000   Number         0  rk_config_moteur.o ABSOLUTE
    RTE/Device/ARMCM3/startup_ARMCM3.s       0x00000000   Number         0  startup_armcm3.o ABSOLUTE
    system_ARMCM3.c                          0x00000000   Number         0  system_armcm3.o ABSOLUTE
    RESET                                    0x00000000   Section      960  startup_armcm3.o(RESET)
    .text                                    0x000003c0   Section      324  program.o(.text)
    .text                                    0x00000504   Section       92  jh_config_inputs.o(.text)
    .text                                    0x00000560   Section      128  jh_config_led.o(.text)
    .text                                    0x000005e0   Section      484  rk_config_moteur.o(.text)
    .text                                    0x000007c4   Section       56  startup_armcm3.o(.text)
    [Anonymous Symbol]                       0x000007fc   Section        0  system_armcm3.o(.text.SystemInit)
    STACK                                    0x20000008   Section     1024  startup_armcm3.o(STACK)

    Global Symbols

    Symbol Name                              Value     Ov Type        Size  Object(Section)

    BuildAttributes$$THM_ISAv4$P$D$K$B$S$PE$A:L22UL41UL21$X:L11$S22US41US21$IEEE1$IW$~IW$USESV6$~STKCKD$USESV7$~SHL$OTIME$EBA8$MICROLIB$REQ8$PRES8$EABIv2 0x00000000   Number         0  anon$$obj.o ABSOLUTE
    __Vectors                                0x00000000   Data           4  startup_armcm3.o(RESET)
    __Vectors_End                            0x000003c0   Data           0  startup_armcm3.o(RESET)
    __Vectors_Size                           0x000003c0   Number         0  startup_armcm3.o ABSOLUTE
    __main                                   0x000003c1   Thumb Code     0  program.o(.text)
    SWITCH_INIT                              0x00000505   Thumb Code     0  jh_config_inputs.o(.text)
    BUMPER_INIT                              0x00000523   Thumb Code     0  jh_config_inputs.o(.text)
    LED_INIT                                 0x00000561   Thumb Code     0  jh_config_led.o(.text)
    ALLUME_DROITE                            0x000005a1   Thumb Code     0  jh_config_led.o(.text)
    ETEINT_DROITE                            0x000005ab   Thumb Code     0  jh_config_led.o(.text)
    ALLUME_GAUCHE                            0x000005b5   Thumb Code     0  jh_config_led.o(.text)
    ETEINT_GAUCHE                            0x000005bf   Thumb Code     0  jh_config_led.o(.text)
    MOTEUR_INIT                              0x000005e1   Thumb Code     0  rk_config_moteur.o(.text)
    MOTEUR_DROIT_ON                          0x000006e5   Thumb Code     0  rk_config_moteur.o(.text)
    MOTEUR_DROIT_OFF                         0x000006f1   Thumb Code     0  rk_config_moteur.o(.text)
    MOTEUR_GAUCHE_ON                         0x000006fd   Thumb Code     0  rk_config_moteur.o(.text)
    MOTEUR_GAUCHE_OFF                        0x00000709   Thumb Code     0  rk_config_moteur.o(.text)
    MOTEUR_DROIT_ARRIERE                     0x00000715   Thumb Code     0  rk_config_moteur.o(.text)
    MOTEUR_DROIT_AVANT                       0x0000071f   Thumb Code     0  rk_config_moteur.o(.text)
    MOTEUR_GAUCHE_ARRIERE                    0x00000729   Thumb Code     0  rk_config_moteur.o(.text)
    MOTEUR_GAUCHE_AVANT                      0x00000733   Thumb Code     0  rk_config_moteur.o(.text)
    MOTEUR_DROIT_INVERSE                     0x0000073d   Thumb Code     0  rk_config_moteur.o(.text)
    MOTEUR_GAUCHE_INVERSE                    0x00000749   Thumb Code     0  rk_config_moteur.o(.text)
    Reset_Handler                            0x000007c5   Thumb Code     8  startup_armcm3.o(.text)
    HardFault_Handler                        0x000007cd   Thumb Code     2  startup_armcm3.o(.text)
    NMI_Handler                              0x000007cf   Thumb Code     2  startup_armcm3.o(.text)
    MemManage_Handler                        0x000007d1   Thumb Code     2  startup_armcm3.o(.text)
    BusFault_Handler                         0x000007d3   Thumb Code     2  startup_armcm3.o(.text)
    UsageFault_Handler                       0x000007d5   Thumb Code     2  startup_armcm3.o(.text)
    SVC_Handler                              0x000007d7   Thumb Code     2  startup_armcm3.o(.text)
    DebugMon_Handler                         0x000007d9   Thumb Code     2  startup_armcm3.o(.text)
    PendSV_Handler                           0x000007db   Thumb Code     2  startup_armcm3.o(.text)
    SysTick_Handler                          0x000007dd   Thumb Code     2  startup_armcm3.o(.text)
    Interrupt0_Handler                       0x000007df   Thumb Code     2  startup_armcm3.o(.text)
    Interrupt1_Handler                       0x000007e1   Thumb Code     2  startup_armcm3.o(.text)
    Interrupt2_Handler                       0x000007e3   Thumb Code     2  startup_armcm3.o(.text)
    Interrupt3_Handler                       0x000007e5   Thumb Code     2  startup_armcm3.o(.text)
    Interrupt4_Handler                       0x000007e7   Thumb Code     2  startup_armcm3.o(.text)
    Interrupt5_Handler                       0x000007e9   Thumb Code     2  startup_armcm3.o(.text)
    Interrupt6_Handler                       0x000007eb   Thumb Code     2  startup_armcm3.o(.text)
    Interrupt7_Handler                       0x000007ed   Thumb Code     2  startup_armcm3.o(.text)
    Interrupt8_Handler                       0x000007ef   Thumb Code     2  startup_armcm3.o(.text)
    Interrupt9_Handler                       0x000007f1   Thumb Code     2  startup_armcm3.o(.text)
    SystemInit                               0x000007fd   Thumb Code    38  system_armcm3.o(.text.SystemInit)
    SystemCoreClock                          0x20000000   Data           4  system_armcm3.o(.data.SystemCoreClock)
    __stack_limit                            0x20000008   Data           0  startup_armcm3.o(STACK)
    __initial_sp                             0x20000408   Data           0  startup_armcm3.o(STACK)



==============================================================================

Memory Map of the image

  Image Entry point : 0x000007c5

  Load Region LR_1 (Base: 0x00000000, Size: 0x00000828, Max: 0xffffffff, ABSOLUTE)

    Execution Region ER_RO (Exec base: 0x00000000, Load base: 0x00000000, Size: 0x00000824, Max: 0xffffffff, ABSOLUTE)

    Exec Addr    Load Addr    Size         Type   Attr      Idx    E Section Name        Object

    0x00000000   0x00000000   0x000003c0   Data   RO           17    RESET               startup_armcm3.o
    0x000003c0   0x000003c0   0x00000144   Code   RO            1  * .text               program.o
    0x00000504   0x00000504   0x0000005c   Code   RO            6  * .text               jh_config_inputs.o
    0x00000560   0x00000560   0x00000080   Code   RO            9  * .text               jh_config_led.o
    0x000005e0   0x000005e0   0x000001e4   Code   RO           12  * .text               rk_config_moteur.o
    0x000007c4   0x000007c4   0x00000038   Code   RO           18  * .text               startup_armcm3.o
    0x000007fc   0x000007fc   0x00000026   Code   RO           25    .text.SystemInit    system_armcm3.o


    Execution Region ER_RW (Exec base: 0x20000000, Load base: 0x00000824, Size: 0x00000004, Max: 0xffffffff, ABSOLUTE)

    Exec Addr    Load Addr    Size         Type   Attr      Idx    E Section Name        Object

    0x20000000   0x00000824   0x00000004   Data   RW           27    .data.SystemCoreClock  system_armcm3.o


    Execution Region ER_ZI (Exec base: 0x20000008, Load base: 0x00000828, Size: 0x00000400, Max: 0xffffffff, ABSOLUTE)

    Exec Addr    Load Addr    Size         Type   Attr      Idx    E Section Name        Object

    0x20000008        -       0x00000400   Zero   RW           15    STACK               startup_armcm3.o


==============================================================================

Image component sizes


      Code (inc. data)   RO Data    RW Data    ZI Data      Debug   Object Name

        92         34          0          0          0        212   jh_config_inputs.o
       128         24          0          0          0        208   jh_config_led.o
       324          4          0          0          0        292   program.o
       484        112          0          0          0        340   rk_config_moteur.o
        56         10        960          0       1024       1128   startup_armcm3.o
        38          0          0          4          0       1352   system_armcm3.o

    ----------------------------------------------------------------------
      1124        184        960          4       1024       3532   Object Totals
         0          0          0          0          0          0   (incl. Generated)
         2          0          0          0          0          0   (incl. Padding)

    ----------------------------------------------------------------------
         0          0          0          0          0          0   Library Totals
         0          0          0          0          0          0   (incl. Padding)

    ----------------------------------------------------------------------

==============================================================================


      Code (inc. data)   RO Data    RW Data    ZI Data      Debug   

      1124        184        960          4       1024       3532   Grand Totals
      1124        184        960          4       1024       3532   ELF Image Totals
      1124        184        960          4          0          0   ROM Totals

==============================================================================

    Total RO  Size (Code + RO Data)                 2084 (   2.04kB)
    Total RW  Size (RW Data + ZI Data)              1028 (   1.00kB)
    Total ROM Size (Code + RO Data + RW Data)       2088 (   2.04kB)

==============================================================================

