Component: ARM Compiler 6.16 Tool: armlink [5dfeaa00]

==============================================================================

Section Cross References

    program.o(.text) refers (Special) to rk_config_moteur.o(.text) for MOTEUR_DROIT_INVERSE
    program.o(.text) refers to rk_config_led.o(.text) for LED_SWITCH_INIT
    program.o(.text) refers to rk_config_inputs.o(.text) for SWITCH_INIT
    startup_armcm3.o(RESET) refers to startup_armcm3.o(STACK) for __initial_sp
    startup_armcm3.o(RESET) refers to startup_armcm3.o(.text) for Reset_Handler
    startup_armcm3.o(.text) refers to system_armcm3.o(.text.SystemInit) for SystemInit
    startup_armcm3.o(.text) refers to program.o(.text) for __main
    system_armcm3.o(.text.SystemCoreClockUpdate) refers to system_armcm3.o(.data.SystemCoreClock) for SystemCoreClock
    system_armcm3.o(.ARM.exidx.text.SystemCoreClockUpdate) refers to system_armcm3.o(.text.SystemCoreClockUpdate) for [Anonymous Symbol]
    system_armcm3.o(.text.SystemInit) refers to startup_armcm3.o(RESET) for __Vectors
    system_armcm3.o(.text.SystemInit) refers to system_armcm3.o(.data.SystemCoreClock) for SystemCoreClock
    system_armcm3.o(.ARM.exidx.text.SystemInit) refers to system_armcm3.o(.text.SystemInit) for [Anonymous Symbol]


==============================================================================

Removing Unused input sections from the image.

    Removing startup_armcm3.o(HEAP), (3072 bytes).
    Removing system_armcm3.o(.text), (0 bytes).
    Removing system_armcm3.o(.text.SystemCoreClockUpdate), (20 bytes).
    Removing system_armcm3.o(.ARM.exidx.text.SystemCoreClockUpdate), (8 bytes).
    Removing system_armcm3.o(.ARM.exidx.text.SystemInit), (8 bytes).

5 unused section(s) (total 3108 bytes) removed from the image.

==============================================================================

Image Symbol Table

    Local Symbols

    Symbol Name                              Value     Ov Type        Size  Object(Section)

    Program.s                                0x00000000   Number         0  program.o ABSOLUTE
    RK_CONFIG_INPUTS.s                       0x00000000   Number         0  rk_config_inputs.o ABSOLUTE
    RK_Config_LED.s                          0x00000000   Number         0  rk_config_led.o ABSOLUTE
    RK_Config_Moteur.s                       0x00000000   Number         0  rk_config_moteur.o ABSOLUTE
    RTE/Device/ARMCM3/startup_ARMCM3.s       0x00000000   Number         0  startup_armcm3.o ABSOLUTE
    system_ARMCM3.c                          0x00000000   Number         0  system_armcm3.o ABSOLUTE
    RESET                                    0x00000000   Section      960  startup_armcm3.o(RESET)
    .text                                    0x000003c0   Section      484  rk_config_moteur.o(.text)
    .text                                    0x000005a4   Section      288  program.o(.text)
    .text                                    0x000006c4   Section      120  rk_config_led.o(.text)
    .text                                    0x0000073c   Section       92  rk_config_inputs.o(.text)
    .text                                    0x00000798   Section       56  startup_armcm3.o(.text)
    [Anonymous Symbol]                       0x000007d0   Section        0  system_armcm3.o(.text.SystemInit)
    STACK                                    0x20000008   Section     1024  startup_armcm3.o(STACK)

    Global Symbols

    Symbol Name                              Value     Ov Type        Size  Object(Section)

    BuildAttributes$$THM_ISAv4$P$D$K$B$S$PE$A:L22UL41UL21$X:L11$S22US41US21$IEEE1$IW$~IW$USESV6$~STKCKD$USESV7$~SHL$OTIME$EBA8$MICROLIB$REQ8$PRES8$EABIv2 0x00000000   Number         0  anon$$obj.o ABSOLUTE
    __Vectors                                0x00000000   Data           4  startup_armcm3.o(RESET)
    MOTEUR_INIT                              0x000003c1   Thumb Code     0  rk_config_moteur.o(.text)
    __Vectors_End                            0x000003c0   Data           0  startup_armcm3.o(RESET)
    __Vectors_Size                           0x000003c0   Number         0  startup_armcm3.o ABSOLUTE
    MOTEUR_DROIT_ON                          0x000004c5   Thumb Code     0  rk_config_moteur.o(.text)
    MOTEUR_DROIT_OFF                         0x000004d1   Thumb Code     0  rk_config_moteur.o(.text)
    MOTEUR_GAUCHE_ON                         0x000004dd   Thumb Code     0  rk_config_moteur.o(.text)
    MOTEUR_GAUCHE_OFF                        0x000004e9   Thumb Code     0  rk_config_moteur.o(.text)
    MOTEUR_DROIT_ARRIERE                     0x000004f5   Thumb Code     0  rk_config_moteur.o(.text)
    MOTEUR_DROIT_AVANT                       0x000004ff   Thumb Code     0  rk_config_moteur.o(.text)
    MOTEUR_GAUCHE_ARRIERE                    0x00000509   Thumb Code     0  rk_config_moteur.o(.text)
    MOTEUR_GAUCHE_AVANT                      0x00000513   Thumb Code     0  rk_config_moteur.o(.text)
    MOTEUR_DROIT_INVERSE                     0x0000051d   Thumb Code     0  rk_config_moteur.o(.text)
    MOTEUR_GAUCHE_INVERSE                    0x00000529   Thumb Code     0  rk_config_moteur.o(.text)
    __main                                   0x000005a5   Thumb Code     0  program.o(.text)
    LED_SWITCH_INIT                          0x000006c5   Thumb Code     0  rk_config_led.o(.text)
    ALLUME_DROITE                            0x0000070d   Thumb Code     0  rk_config_led.o(.text)
    ETEINT_DROITE                            0x00000713   Thumb Code     0  rk_config_led.o(.text)
    ALLUME_GAUCHE                            0x00000719   Thumb Code     0  rk_config_led.o(.text)
    ETEINT_GAUCHE                            0x0000071f   Thumb Code     0  rk_config_led.o(.text)
    SWITCH_INIT                              0x0000073d   Thumb Code     0  rk_config_inputs.o(.text)
    BUMPER_INIT                              0x0000075b   Thumb Code     0  rk_config_inputs.o(.text)
    Reset_Handler                            0x00000799   Thumb Code     8  startup_armcm3.o(.text)
    HardFault_Handler                        0x000007a1   Thumb Code     2  startup_armcm3.o(.text)
    NMI_Handler                              0x000007a3   Thumb Code     2  startup_armcm3.o(.text)
    MemManage_Handler                        0x000007a5   Thumb Code     2  startup_armcm3.o(.text)
    BusFault_Handler                         0x000007a7   Thumb Code     2  startup_armcm3.o(.text)
    UsageFault_Handler                       0x000007a9   Thumb Code     2  startup_armcm3.o(.text)
    SVC_Handler                              0x000007ab   Thumb Code     2  startup_armcm3.o(.text)
    DebugMon_Handler                         0x000007ad   Thumb Code     2  startup_armcm3.o(.text)
    PendSV_Handler                           0x000007af   Thumb Code     2  startup_armcm3.o(.text)
    SysTick_Handler                          0x000007b1   Thumb Code     2  startup_armcm3.o(.text)
    Interrupt0_Handler                       0x000007b3   Thumb Code     2  startup_armcm3.o(.text)
    Interrupt1_Handler                       0x000007b5   Thumb Code     2  startup_armcm3.o(.text)
    Interrupt2_Handler                       0x000007b7   Thumb Code     2  startup_armcm3.o(.text)
    Interrupt3_Handler                       0x000007b9   Thumb Code     2  startup_armcm3.o(.text)
    Interrupt4_Handler                       0x000007bb   Thumb Code     2  startup_armcm3.o(.text)
    Interrupt5_Handler                       0x000007bd   Thumb Code     2  startup_armcm3.o(.text)
    Interrupt6_Handler                       0x000007bf   Thumb Code     2  startup_armcm3.o(.text)
    Interrupt7_Handler                       0x000007c1   Thumb Code     2  startup_armcm3.o(.text)
    Interrupt8_Handler                       0x000007c3   Thumb Code     2  startup_armcm3.o(.text)
    Interrupt9_Handler                       0x000007c5   Thumb Code     2  startup_armcm3.o(.text)
    SystemInit                               0x000007d1   Thumb Code    38  system_armcm3.o(.text.SystemInit)
    SystemCoreClock                          0x20000000   Data           4  system_armcm3.o(.data.SystemCoreClock)
    __stack_limit                            0x20000008   Data           0  startup_armcm3.o(STACK)
    __initial_sp                             0x20000408   Data           0  startup_armcm3.o(STACK)



==============================================================================

Memory Map of the image

  Image Entry point : 0x00000799

  Load Region LR_1 (Base: 0x00000000, Size: 0x000007fc, Max: 0xffffffff, ABSOLUTE)

    Execution Region ER_RO (Exec base: 0x00000000, Load base: 0x00000000, Size: 0x000007f8, Max: 0xffffffff, ABSOLUTE)

    Exec Addr    Load Addr    Size         Type   Attr      Idx    E Section Name        Object

    0x00000000   0x00000000   0x000003c0   Data   RO           17    RESET               startup_armcm3.o
    0x000003c0   0x000003c0   0x000001e4   Code   RO            1  * .text               rk_config_moteur.o
    0x000005a4   0x000005a4   0x00000120   Code   RO            6  * .text               program.o
    0x000006c4   0x000006c4   0x00000078   Code   RO            9  * .text               rk_config_led.o
    0x0000073c   0x0000073c   0x0000005c   Code   RO           12  * .text               rk_config_inputs.o
    0x00000798   0x00000798   0x00000038   Code   RO           18  * .text               startup_armcm3.o
    0x000007d0   0x000007d0   0x00000026   Code   RO           25    .text.SystemInit    system_armcm3.o


    Execution Region ER_RW (Exec base: 0x20000000, Load base: 0x000007f8, Size: 0x00000004, Max: 0xffffffff, ABSOLUTE)

    Exec Addr    Load Addr    Size         Type   Attr      Idx    E Section Name        Object

    0x20000000   0x000007f8   0x00000004   Data   RW           27    .data.SystemCoreClock  system_armcm3.o


    Execution Region ER_ZI (Exec base: 0x20000008, Load base: 0x000007fc, Size: 0x00000400, Max: 0xffffffff, ABSOLUTE)

    Exec Addr    Load Addr    Size         Type   Attr      Idx    E Section Name        Object

    0x20000008        -       0x00000400   Zero   RW           15    STACK               startup_armcm3.o


==============================================================================

Image component sizes


      Code (inc. data)   RO Data    RW Data    ZI Data      Debug   Object Name

       288         10          0          0          0        252   program.o
        92         34          0          0          0        212   rk_config_inputs.o
       120         24          0          0          0        212   rk_config_led.o
       484        112          0          0          0        372   rk_config_moteur.o
        56         10        960          0       1024       1128   startup_armcm3.o
        38          0          0          4          0       1352   system_armcm3.o

    ----------------------------------------------------------------------
      1080        190        960          4       1024       3528   Object Totals
         0          0          0          0          0          0   (incl. Generated)
         2          0          0          0          0          0   (incl. Padding)

    ----------------------------------------------------------------------
         0          0          0          0          0          0   Library Totals
         0          0          0          0          0          0   (incl. Padding)

    ----------------------------------------------------------------------

==============================================================================


      Code (inc. data)   RO Data    RW Data    ZI Data      Debug   

      1080        190        960          4       1024       3528   Grand Totals
      1080        190        960          4       1024       3528   ELF Image Totals
      1080        190        960          4          0          0   ROM Totals

==============================================================================

    Total RO  Size (Code + RO Data)                 2040 (   1.99kB)
    Total RW  Size (RW Data + ZI Data)              1028 (   1.00kB)
    Total ROM Size (Code + RO Data + RW Data)       2044 (   2.00kB)

==============================================================================

